// Jest Snapshot v1, https://goo.gl/fbAQLP

exports[`Intro render correctly intro component 1`] = `
<div
  className="intro"
/>
`;
