// Jest Snapshot v1, https://goo.gl/fbAQLP

exports[`DashboardContent renders correctly 1`] = `
<div
  className="d-content"
>
  <div
    className="loader"
  >
    <img
      alt=""
      src="/images/loaders/blue-loader.gif"
    />
  </div>
</div>
`;
