// Jest Snapshot v1, https://goo.gl/fbAQLP

exports[`Input renders correctly input  component  1`] = `<input />`;
