// Jest Snapshot v1, https://goo.gl/fbAQLP

exports[`Loader render correctly loader component 1`] = `
<div
  className="loader"
>
  Loading...
</div>
`;
