// Jest Snapshot v1, https://goo.gl/fbAQLP

exports[`renders correctly gallery component 1`] = `
<div
  className="workers-gallery"
>
  <div
    className="worker-photo"
  >
    <div>
      mike
    </div>
  </div>
</div>
`;
