// Jest Snapshot v1, https://goo.gl/fbAQLP

exports[`AddCatWrapper renders correctly 1`] = `
<AddCatWrapper>
  <AddCatForm
    handleSubmit={[Function]}
  >
    <form
      className="addWorkerForm"
      onSubmit={[Function]}
    >
      <h3>
        Please share some info about the cat with us
      </h3>
      <Input
        id="name-input"
        name="name"
        onChange={[Function]}
        placeholder="Name"
        required={true}
        value=""
      >
        <input
          id="name-input"
          name="name"
          onChange={[Function]}
          placeholder="Name"
          required={true}
          value=""
        />
      </Input>
      <Input
        name="age"
        onChange={[Function]}
        placeholder="Age"
        required={true}
        value=""
      >
        <input
          name="age"
          onChange={[Function]}
          placeholder="Age"
          required={true}
          value=""
        />
      </Input>
      <Input
        name="color"
        onChange={[Function]}
        placeholder="Color"
        required={true}
        value=""
      >
        <input
          name="color"
          onChange={[Function]}
          placeholder="Color"
          required={true}
          value=""
        />
      </Input>
      <textarea
        name="reason"
        onChange={[Function]}
        placeholder="Reason"
        value=""
      />
      <Input
        name="location"
        onChange={[Function]}
        placeholder="Location"
        required={true}
        value=""
      >
        <input
          name="location"
          onChange={[Function]}
          placeholder="Location"
          required={true}
          value=""
        />
      </Input>
      <select
        name="health"
        onChange={[Function]}
        value=""
      >
        <option
          value="Satisfying"
        >
          Satisfying
        </option>
        <option
          value="Minor problems"
        >
          Minor problems
        </option>
        <option
          value="Not satisfying"
        >
          Not satisfying
        </option>
      </select>
      <button
        id="submit-btn"
        type="submit"
      >
        Accept the cat
      </button>
    </form>
  </AddCatForm>
  <img
    alt=""
    className="cat-bg"
    src="/images/backgrounds/cat-bg-2.png"
  />
</AddCatWrapper>
`;
