// Jest Snapshot v1, https://goo.gl/fbAQLP

exports[`Dashboard renders correctly 1`] = `
<div
  className="dashboard"
>
  <div
    className="intro"
  >
    Cats of our farm
  </div>
  <div
    className="d-content"
  />
</div>
`;
